12:12:31 **** Incremental Build of configuration Debug for project USB_DeviceDriver ****
make -j4 all 
arm-none-eabi-gcc "../Src/systeminit.c" -mcpu=cortex-m4 -std=gnu11 -g3 -DDEBUG -DSTM32 -DSTM32F4 -DSTM32F446RETx -DNUCLEO_F446RE -DSTM32F446xx -c -I../Inc -I"C:/Users/salil madhav/Desktop/Projects/USB Device Driver/USB_DeviceDriver/Inc/CMSIS/Include" -I"C:/Users/salil madhav/Desktop/Projects/USB Device Driver/USB_DeviceDriver/Inc/CMSIS/Device/ST/STM32F4xx/Include" -O0 -ffunction-sections -fdata-sections -Wall -fstack-usage -MMD -MP -MF"Src/systeminit.d" -MT"Src/systeminit.o" --specs=nano.specs -mfpu=fpv4-sp-d16 -mfloat-abi=hard -mthumb -o "Src/systeminit.o"
arm-none-eabi-gcc -o "USB_DeviceDriver.elf" @"objects.list"   -mcpu=cortex-m4 -T"C:\Users\salil madhav\Desktop\Projects\USB Device Driver\USB_DeviceDriver\STM32F446RETX_FLASH.ld" --specs=nosys.specs -Wl,-Map="USB_DeviceDriver.map" -Wl,--gc-sections -static --specs=nano.specs -mfpu=fpv4-sp-d16 -mfloat-abi=hard -mthumb -Wl,--start-group -lc -lm -Wl,--end-group
Finished building target: USB_DeviceDriver.elf
 
arm-none-eabi-size   USB_DeviceDriver.elf 
arm-none-eabi-objdump -h -S  USB_DeviceDriver.elf  > "USB_DeviceDriver.list"
   text	   data	    bss	    dec	    hex	filename
    904	      8	   1568	   2480	    9b0	USB_DeviceDriver.elf
Finished building: default.size.stdout
 
Finished building: USB_DeviceDriver.list
 
12:12:42 **** Incremental Build of configuration Debug for project USB_DeviceDriver ****
make -j4 all 
arm-none-eabi-size   USB_DeviceDriver.elf 
   text	   data	    bss	    dec	    hex	filename
    904	      8	   1568	   2480	    9b0	USB_DeviceDriver.elf
Finished building: default.size.stdout
 
12:12:57 **** Incremental Build of configuration Debug for project USB_DeviceDriver ****
make -j4 all 
arm-none-eabi-size   USB_DeviceDriver.elf 
   text	   data	    bss	    dec	    hex	filename
    904	      8	   1568	   2480	    9b0	USB_DeviceDriver.elf
Finished building: default.size.stdout
 
